Collecting fastapi<1.0,>=0.115 (from -r backend\requirements.txt (line 2))
  Using cached fastapi-0.141.1-py3-none-any.whl.metadata (27 kB)
Collecting uvicorn<1.0,>=0.30 (from uvicorn[standard]<1.0,>=0.30->-r backend\requirements.txt (line 3))
  Using cached uvicorn-0.52.4-py3-none-any.whl.metadata (6.6 kB)
Collecting pydantic<3.0,>=2.9 (from -r backend\requirements.txt (line 4))
  Using cached pydantic-2.13.5-py3-none-any.whl.metadata (110 kB)
Collecting pystac-client<1.0,>=0.8 (from -r backend\requirements.txt (line 7))
  Using cached pystac_client-0.9.0-py3-none-any.whl.metadata (3.1 kB)
Collecting planetary-computer<2.0,>=1.0 (from -r backend\requirements.txt (line 8))
  Using cached planetary_computer-1.0.0-py3-none-any.whl.metadata (7.4 kB)
Collecting rasterio<2.0,>=1.4 (from -r backend\requirements.txt (line 11))
  Using cached rasterio-1.5.1-cp312-cp312-win_amd64.whl.metadata (8.9 kB)
Collecting geopandas<2.0,>=1.0 (from -r backend\requirements.txt (line 12))
  Using cached geopandas-1.1.4-py3-none-any.whl.metadata (2.3 kB)
Collecting shapely<3.0,>=2.0 (from -r backend\requirements.txt (line 13))
  Using cached shapely-2.1.2-cp312-cp312-win_amd64.whl.metadata (7.1 kB)
Collecting numpy<3.0,>=2.0 (from -r backend\requirements.txt (line 16))
  Using cached numpy-2.5.3-cp312-cp312-win_amd64.whl.metadata (6.6 kB)
Collecting pandas<3.0,>=2.0 (from -r backend\requirements.txt (line 17))
  Using cached pandas-2.3.3-cp312-cp312-win_amd64.whl.metadata (19 kB)
Collecting scikit-learn<2.0,>=1.5 (from -r backend\requirements.txt (line 18))
  Using cached scikit_learn-1.9.0-cp312-cp312-win_amd64.whl.metadata (11 kB)
Collecting matplotlib<4.0,>=3.9 (from -r backend\requirements.txt (line 19))
  Using cached matplotlib-3.11.1-cp312-cp312-win_amd64.whl.metadata (80 kB)
Collecting joblib<2.0,>=1.4 (from -r backend\requirements.txt (line 20))
  Using cached joblib-1.6.0-py3-none-any.whl.metadata (6.5 kB)
Collecting starlette>=0.46.0 (from fastapi<1.0,>=0.115->-r backend\requirements.txt (line 2))
  Using cached starlette-1.6.0-py3-none-any.whl.metadata (6.4 kB)
Collecting typing-extensions>=4.8.0 (from fastapi<1.0,>=0.115->-r backend\requirements.txt (line 2))
  Using cached typing_extensions-4.16.0-py3-none-any.whl.metadata (3.3 kB)
Collecting typing-inspection>=0.4.2 (from fastapi<1.0,>=0.115->-r backend\requirements.txt (line 2))
  Using cached typing_inspection-0.4.4-py3-none-any.whl.metadata (2.6 kB)
Collecting annotated-doc>=0.0.2 (from fastapi<1.0,>=0.115->-r backend\requirements.txt (line 2))
  Using cached annotated_doc-0.0.5-py3-none-any.whl.metadata (6.5 kB)
Collecting click>=7.0 (from uvicorn<1.0,>=0.30->uvicorn[standard]<1.0,>=0.30->-r backend\requirements.txt (line 3))
  Using cached click-8.5.0-py3-none-any.whl.metadata (2.6 kB)
Collecting h11>=0.8 (from uvicorn<1.0,>=0.30->uvicorn[standard]<1.0,>=0.30->-r backend\requirements.txt (line 3))
  Using cached h11-0.16.0-py3-none-any.whl.metadata (8.3 kB)
Collecting annotated-types>=0.6.0 (from pydantic<3.0,>=2.9->-r backend\requirements.txt (line 4))
  Using cached annotated_types-0.8.0-py3-none-any.whl.metadata (15 kB)
Collecting pydantic-core==2.46.5 (from pydantic<3.0,>=2.9->-r backend\requirements.txt (line 4))
  Using cached pydantic_core-2.46.5-cp312-cp312-win_amd64.whl.metadata (6.7 kB)
Collecting requests>=2.28.2 (from pystac-client<1.0,>=0.8->-r backend\requirements.txt (line 7))
  Using cached requests-2.34.2-py3-none-any.whl.metadata (4.8 kB)
Collecting pystac>=1.10.0 (from pystac[validation]>=1.10.0->pystac-client<1.0,>=0.8->-r backend\requirements.txt (line 7))
  Using cached pystac-1.15.2-py3-none-any.whl.metadata (6.3 kB)
Collecting python-dateutil>=2.8.2 (from pystac-client<1.0,>=0.8->-r backend\requirements.txt (line 7))
  Using cached python_dateutil-2.9.0.post0-py2.py3-none-any.whl.metadata (8.4 kB)
Collecting pytz>=2020.5 (from planetary-computer<2.0,>=1.0->-r backend\requirements.txt (line 8))
  Using cached pytz-2026.3.post1-py2.py3-none-any.whl.metadata (22 kB)
Collecting packaging (from planetary-computer<2.0,>=1.0->-r backend\requirements.txt (line 8))
  Using cached packaging-26.3-py3-none-any.whl.metadata (3.5 kB)
Collecting python-dotenv (from planetary-computer<2.0,>=1.0->-r backend\requirements.txt (line 8))
  Using cached python_dotenv-1.2.3-py3-none-any.whl.metadata (29 kB)
Collecting affine (from rasterio<2.0,>=1.4->-r backend\requirements.txt (line 11))
  Using cached affine-3.0.1-py3-none-any.whl.metadata (4.5 kB)
Collecting attrs (from rasterio<2.0,>=1.4->-r backend\requirements.txt (line 11))
  Using cached attrs-26.1.0-py3-none-any.whl.metadata (8.8 kB)
Collecting certifi (from rasterio<2.0,>=1.4->-r backend\requirements.txt (line 11))
  Using cached certifi-2026.7.22-py3-none-any.whl.metadata (2.5 kB)
Collecting pyparsing>=3.0 (from rasterio<2.0,>=1.4->-r backend\requirements.txt (line 11))
  Using cached pyparsing-3.3.2-py3-none-any.whl.metadata (5.8 kB)
Collecting pyogrio>=0.7.2 (from geopandas<2.0,>=1.0->-r backend\requirements.txt (line 12))
  Using cached pyogrio-0.13.0-cp311-abi3-win_amd64.whl.metadata (6.0 kB)
Collecting pyproj>=3.5.0 (from geopandas<2.0,>=1.0->-r backend\requirements.txt (line 12))
  Using cached pyproj-3.8.0-cp312-cp312-win_amd64.whl.metadata (40 kB)
Collecting tzdata>=2022.7 (from pandas<3.0,>=2.0->-r backend\requirements.txt (line 17))
  Using cached tzdata-2026.3-py2.py3-none-any.whl.metadata (1.4 kB)
Collecting scipy>=1.10.0 (from scikit-learn<2.0,>=1.5->-r backend\requirements.txt (line 18))
  Using cached scipy-1.18.1-cp312-cp312-win_amd64.whl.metadata (61 kB)
Collecting narwhals>=2.0.1 (from scikit-learn<2.0,>=1.5->-r backend\requirements.txt (line 18))
  Using cached narwhals-2.26.0-py3-none-any.whl.metadata (15 kB)
Collecting threadpoolctl>=3.5.0 (from scikit-learn<2.0,>=1.5->-r backend\requirements.txt (line 18))
  Using cached threadpoolctl-3.6.0-py3-none-any.whl.metadata (13 kB)
Collecting contourpy>=1.0.1 (from matplotlib<4.0,>=3.9->-r backend\requirements.txt (line 19))
  Using cached contourpy-1.3.3-cp312-cp312-win_amd64.whl.metadata (5.5 kB)
Collecting cycler>=0.10 (from matplotlib<4.0,>=3.9->-r backend\requirements.txt (line 19))
  Using cached cycler-0.12.1-py3-none-any.whl.metadata (3.8 kB)
Collecting fonttools>=4.28.2 (from matplotlib<4.0,>=3.9->-r backend\requirements.txt (line 19))
  Using cached fonttools-4.64.0-cp312-cp312-win_amd64.whl.metadata (126 kB)
Collecting kiwisolver>=1.3.1 (from matplotlib<4.0,>=3.9->-r backend\requirements.txt (line 19))
  Using cached kiwisolver-1.5.1-cp312-cp312-win_amd64.whl.metadata (5.2 kB)
Collecting pillow>=9 (from matplotlib<4.0,>=3.9->-r backend\requirements.txt (line 19))
  Using cached pillow-12.3.0-cp312-cp312-win_amd64.whl.metadata (9.3 kB)
Collecting cloudpickle>=3.0 (from joblib<2.0,>=1.4->-r backend\requirements.txt (line 20))
  Using cached cloudpickle-3.1.2-py3-none-any.whl.metadata (7.1 kB)
Collecting httptools>=0.8.0 (from uvicorn[standard]<1.0,>=0.30->-r backend\requirements.txt (line 3))
  Using cached httptools-0.8.0-cp312-cp312-win_amd64.whl.metadata (3.7 kB)
Collecting pyyaml>=5.1 (from uvicorn[standard]<1.0,>=0.30->-r backend\requirements.txt (line 3))
  Using cached pyyaml-6.0.3-cp312-cp312-win_amd64.whl.metadata (2.4 kB)
Collecting watchfiles>=0.20 (from uvicorn[standard]<1.0,>=0.30->-r backend\requirements.txt (line 3))
  Using cached watchfiles-1.2.0-cp312-cp312-win_amd64.whl.metadata (5.0 kB)
Collecting websockets>=13.0 (from uvicorn[standard]<1.0,>=0.30->-r backend\requirements.txt (line 3))
  Using cached websockets-17.1-cp312-cp312-win_amd64.whl.metadata (6.5 kB)
Collecting pystac-core<2,>=1.15.0 (from pystac>=1.10.0->pystac[validation]>=1.10.0->pystac-client<1.0,>=0.8->-r backend\requirements.txt (line 7))
  Using cached pystac_core-1.15.2-py3-none-any.whl.metadata (1.3 kB)
Collecting pystac-ext-classification (from pystac>=1.10.0->pystac[validation]>=1.10.0->pystac-client<1.0,>=0.8->-r backend\requirements.txt (line 7))
  Using cached pystac_ext_classification-2.0.1-py3-none-any.whl.metadata (2.1 kB)
Collecting pystac-ext-datacube (from pystac>=1.10.0->pystac[validation]>=1.10.0->pystac-client<1.0,>=0.8->-r backend\requirements.txt (line 7))
  Using cached pystac_ext_datacube-2.2.1-py3-none-any.whl.metadata (1.8 kB)
Collecting pystac-ext-eo (from pystac>=1.10.0->pystac[validation]>=1.10.0->pystac-client<1.0,>=0.8->-r backend\requirements.txt (line 7))
  Using cached pystac_ext_eo-1.1.1-py3-none-any.whl.metadata (1.9 kB)
Collecting pystac-ext-file (from pystac>=1.10.0->pystac[validation]>=1.10.0->pystac-client<1.0,>=0.8->-r backend\requirements.txt (line 7))
  Using cached pystac_ext_file-2.1.1-py3-none-any.whl.metadata (1.8 kB)
Collecting pystac-ext-grid (from pystac>=1.10.0->pystac[validation]>=1.10.0->pystac-client<1.0,>=0.8->-r backend\requirements.txt (line 7))
  Using cached pystac_ext_grid-1.1.1-py3-none-any.whl.metadata (1.9 kB)
Collecting pystac-ext-item-assets (from pystac>=1.10.0->pystac[validation]>=1.10.0->pystac-client<1.0,>=0.8->-r backend\requirements.txt (line 7))
  Using cached pystac_ext_item_assets-1.0.1-py3-none-any.whl.metadata (1.9 kB)
Collecting pystac-ext-label (from pystac>=1.10.0->pystac[validation]>=1.10.0->pystac-client<1.0,>=0.8->-r backend\requirements.txt (line 7))
  Using cached pystac_ext_label-1.0.2-py3-none-any.whl.metadata (1.9 kB)
Collecting pystac-ext-mgrs (from pystac>=1.10.0->pystac[validation]>=1.10.0->pystac-client<1.0,>=0.8->-r backend\requirements.txt (line 7))
  Using cached pystac_ext_mgrs-1.0.1-py3-none-any.whl.metadata (1.8 kB)
Collecting pystac-ext-mlm (from pystac>=1.10.0->pystac[validation]>=1.10.0->pystac-client<1.0,>=0.8->-r backend\requirements.txt (line 7))
  Using cached pystac_ext_mlm-1.4.1-py3-none-any.whl.metadata (2.2 kB)
Collecting pystac-ext-pointcloud (from pystac>=1.10.0->pystac[validation]>=1.10.0->pystac-client<1.0,>=0.8->-r backend\requirements.txt (line 7))
  Using cached pystac_ext_pointcloud-1.0.1-py3-none-any.whl.metadata (1.8 kB)
Collecting pystac-ext-projection (from pystac>=1.10.0->pystac[validation]>=1.10.0->pystac-client<1.0,>=0.8->-r backend\requirements.txt (line 7))
  Using cached pystac_ext_projection-2.0.1-py3-none-any.whl.metadata (2.1 kB)
Collecting pystac-ext-raster (from pystac>=1.10.0->pystac[validation]>=1.10.0->pystac-client<1.0,>=0.8->-r backend\requirements.txt (line 7))
  Using cached pystac_ext_raster-1.1.1-py3-none-any.whl.metadata (1.9 kB)
Collecting pystac-ext-render (from pystac>=1.10.0->pystac[validation]>=1.10.0->pystac-client<1.0,>=0.8->-r backend\requirements.txt (line 7))
  Using cached pystac_ext_render-2.0.0-py3-none-any.whl.metadata (1.8 kB)
Collecting pystac-ext-sar (from pystac>=1.10.0->pystac[validation]>=1.10.0->pystac-client<1.0,>=0.8->-r backend\requirements.txt (line 7))
  Using cached pystac_ext_sar-1.0.1-py3-none-any.whl.metadata (1.8 kB)
Collecting pystac-ext-sat (from pystac>=1.10.0->pystac[validation]>=1.10.0->pystac-client<1.0,>=0.8->-r backend\requirements.txt (line 7))
  Using cached pystac_ext_sat-1.0.1-py3-none-any.whl.metadata (1.8 kB)
Collecting pystac-ext-scientific (from pystac>=1.10.0->pystac[validation]>=1.10.0->pystac-client<1.0,>=0.8->-r backend\requirements.txt (line 7))
  Using cached pystac_ext_scientific-1.0.1-py3-none-any.whl.metadata (1.8 kB)
Collecting pystac-ext-storage (from pystac>=1.10.0->pystac[validation]>=1.10.0->pystac-client<1.0,>=0.8->-r backend\requirements.txt (line 7))
  Using cached pystac_ext_storage-2.0.1-py3-none-any.whl.metadata (1.9 kB)
Collecting pystac-ext-table (from pystac>=1.10.0->pystac[validation]>=1.10.0->pystac-client<1.0,>=0.8->-r backend\requirements.txt (line 7))
  Using cached pystac_ext_table-1.2.1-py3-none-any.whl.metadata (1.8 kB)
Collecting pystac-ext-timestamps (from pystac>=1.10.0->pystac[validation]>=1.10.0->pystac-client<1.0,>=0.8->-r backend\requirements.txt (line 7))
  Using cached pystac_ext_timestamps-1.1.1-py3-none-any.whl.metadata (1.8 kB)
Collecting pystac-ext-version (from pystac>=1.10.0->pystac[validation]>=1.10.0->pystac-client<1.0,>=0.8->-r backend\requirements.txt (line 7))
  Using cached pystac_ext_version-1.2.1-py3-none-any.whl.metadata (1.9 kB)
Collecting pystac-ext-view (from pystac>=1.10.0->pystac[validation]>=1.10.0->pystac-client<1.0,>=0.8->-r backend\requirements.txt (line 7))
  Using cached pystac_ext_view-1.0.1-py3-none-any.whl.metadata (1.8 kB)
Collecting pystac-ext-xarray-assets (from pystac>=1.10.0->pystac[validation]>=1.10.0->pystac-client<1.0,>=0.8->-r backend\requirements.txt (line 7))
  Using cached pystac_ext_xarray_assets-1.0.1-py3-none-any.whl.metadata (1.9 kB)
Collecting jsonschema~=4.18 (from pystac[validation]>=1.10.0->pystac-client<1.0,>=0.8->-r backend\requirements.txt (line 7))
  Using cached jsonschema-4.26.0-py3-none-any.whl.metadata (7.6 kB)
Collecting six>=1.5 (from python-dateutil>=2.8.2->pystac-client<1.0,>=0.8->-r backend\requirements.txt (line 7))
  Using cached six-1.17.0-py2.py3-none-any.whl.metadata (1.7 kB)
Collecting charset_normalizer<4,>=2 (from requests>=2.28.2->pystac-client<1.0,>=0.8->-r backend\requirements.txt (line 7))
  Using cached charset_normalizer-3.5.1-cp312-cp312-win_amd64.whl.metadata (46 kB)
Collecting idna<4,>=2.5 (from requests>=2.28.2->pystac-client<1.0,>=0.8->-r backend\requirements.txt (line 7))
  Using cached idna-3.19-py3-none-any.whl.metadata (9.2 kB)
Collecting urllib3<3,>=1.26 (from requests>=2.28.2->pystac-client<1.0,>=0.8->-r backend\requirements.txt (line 7))
  Using cached urllib3-2.7.0-py3-none-any.whl.metadata (6.9 kB)
Collecting anyio<5,>=3.6.2 (from starlette>=0.46.0->fastapi<1.0,>=0.115->-r backend\requirements.txt (line 2))
  Using cached anyio-4.15.1-py3-none-any.whl.metadata (4.7 kB)
Collecting jsonschema-specifications>=2023.03.6 (from jsonschema~=4.18->pystac[validation]>=1.10.0->pystac-client<1.0,>=0.8->-r backend\requirements.txt (line 7))
  Using cached jsonschema_specifications-2025.9.1-py3-none-any.whl.metadata (2.9 kB)
Collecting referencing>=0.28.4 (from jsonschema~=4.18->pystac[validation]>=1.10.0->pystac-client<1.0,>=0.8->-r backend\requirements.txt (line 7))
  Using cached referencing-0.37.0-py3-none-any.whl.metadata (2.8 kB)
Collecting rpds-py>=0.25.0 (from jsonschema~=4.18->pystac[validation]>=1.10.0->pystac-client<1.0,>=0.8->-r backend\requirements.txt (line 7))
  Using cached rpds_py-2026.6.3-cp312-cp312-win_amd64.whl.metadata (4.2 kB)
Using cached fastapi-0.141.1-py3-none-any.whl (131 kB)
Using cached uvicorn-0.52.4-py3-none-any.whl (79 kB)
Using cached pydantic-2.13.5-py3-none-any.whl (472 kB)
Using cached pydantic_core-2.46.5-cp312-cp312-win_amd64.whl (2.0 MB)
Using cached pystac_client-0.9.0-py3-none-any.whl (41 kB)
Using cached planetary_computer-1.0.0-py3-none-any.whl (14 kB)
Using cached rasterio-1.5.1-cp312-cp312-win_amd64.whl (30.6 MB)
Using cached geopandas-1.1.4-py3-none-any.whl (343 kB)
Using cached shapely-2.1.2-cp312-cp312-win_amd64.whl (1.7 MB)
Downloading numpy-2.5.3-cp312-cp312-win_amd64.whl (12.6 MB)
Downloading pandas-2.3.3-cp312-cp312-win_amd64.whl (11.0 MB)
Downloading scikit_learn-1.9.0-cp312-cp312-win_amd64.whl (8.2 MB)
Downloading matplotlib-3.11.1-cp312-cp312-win_amd64.whl (9.3 MB)
Using cached joblib-1.6.0-py3-none-any.whl (306 kB)
Using cached annotated_doc-0.0.5-py3-none-any.whl (5.3 kB)
Using cached annotated_types-0.8.0-py3-none-any.whl (13 kB)
Using cached click-8.5.0-py3-none-any.whl (125 kB)
Using cached cloudpickle-3.1.2-py3-none-any.whl (22 kB)
Using cached contourpy-1.3.3-cp312-cp312-win_amd64.whl (226 kB)
Using cached cycler-0.12.1-py3-none-any.whl (8.3 kB)
Using cached fonttools-4.64.0-cp312-cp312-win_amd64.whl (2.5 MB)
Using cached h11-0.16.0-py3-none-any.whl (37 kB)
Using cached httptools-0.8.0-cp312-cp312-win_amd64.whl (90 kB)
Using cached kiwisolver-1.5.1-cp312-cp312-win_amd64.whl (70 kB)
Using cached narwhals-2.26.0-py3-none-any.whl (474 kB)
Using cached packaging-26.3-py3-none-any.whl (129 kB)
Downloading pillow-12.3.0-cp312-cp312-win_amd64.whl (7.2 MB)
Downloading pyogrio-0.13.0-cp311-abi3-win_amd64.whl (23.8 MB)
Using cached pyparsing-3.3.2-py3-none-any.whl (122 kB)
Downloading pyproj-3.8.0-cp312-cp312-win_amd64.whl (6.7 MB)
Using cached pystac-1.15.2-py3-none-any.whl (5.7 kB)
Using cached python_dateutil-2.9.0.post0-py2.py3-none-any.whl (229 kB)
Using cached python_dotenv-1.2.3-py3-none-any.whl (22 kB)
Using cached pytz-2026.3.post1-py2.py3-none-any.whl (508 kB)
Using cached pyyaml-6.0.3-cp312-cp312-win_amd64.whl (154 kB)
Using cached requests-2.34.2-py3-none-any.whl (73 kB)
Using cached certifi-2026.7.22-py3-none-any.whl (136 kB)
Downloading scipy-1.18.1-cp312-cp312-win_amd64.whl (36.7 MB)
Using cached starlette-1.6.0-py3-none-any.whl (75 kB)
Using cached threadpoolctl-3.6.0-py3-none-any.whl (18 kB)
Using cached typing_extensions-4.16.0-py3-none-any.whl (45 kB)
Using cached typing_inspection-0.4.4-py3-none-any.whl (14 kB)
Using cached tzdata-2026.3-py2.py3-none-any.whl (348 kB)
Using cached watchfiles-1.2.0-cp312-cp312-win_amd64.whl (288 kB)
Using cached websockets-17.1-cp312-cp312-win_amd64.whl (217 kB)
Using cached affine-3.0.1-py3-none-any.whl (10 kB)
Using cached attrs-26.1.0-py3-none-any.whl (67 kB)
Using cached anyio-4.15.1-py3-none-any.whl (132 kB)
Using cached charset_normalizer-3.5.1-cp312-cp312-win_amd64.whl (200 kB)
Using cached idna-3.19-py3-none-any.whl (68 kB)
Using cached jsonschema-4.26.0-py3-none-any.whl (90 kB)
Using cached pystac_core-1.15.2-py3-none-any.whl (117 kB)
Using cached six-1.17.0-py2.py3-none-any.whl (11 kB)
Using cached urllib3-2.7.0-py3-none-any.whl (131 kB)
Using cached pystac_ext_classification-2.0.1-py3-none-any.whl (7.4 kB)
Using cached pystac_ext_datacube-2.2.1-py3-none-any.whl (7.1 kB)
Using cached pystac_ext_eo-1.1.1-py3-none-any.whl (7.7 kB)
Using cached pystac_ext_file-2.1.1-py3-none-any.whl (5.8 kB)
Using cached pystac_ext_grid-1.1.1-py3-none-any.whl (3.6 kB)
Using cached pystac_ext_item_assets-1.0.1-py3-none-any.whl (3.7 kB)
Using cached pystac_ext_label-1.0.2-py3-none-any.whl (8.2 kB)
Using cached pystac_ext_mgrs-1.0.1-py3-none-any.whl (4.1 kB)
Using cached pystac_ext_mlm-1.4.1-py3-none-any.whl (13 kB)
Using cached pystac_ext_pointcloud-1.0.1-py3-none-any.whl (6.5 kB)
Using cached pystac_ext_projection-2.0.1-py3-none-any.whl (7.4 kB)
Using cached pystac_ext_raster-1.1.1-py3-none-any.whl (6.8 kB)
Using cached pystac_ext_render-2.0.0-py3-none-any.whl (5.0 kB)
Using cached pystac_ext_sar-1.0.1-py3-none-any.whl (6.5 kB)
Using cached pystac_ext_sat-1.0.1-py3-none-any.whl (4.9 kB)
Using cached pystac_ext_scientific-1.0.1-py3-none-any.whl (5.5 kB)
Using cached pystac_ext_storage-2.0.1-py3-none-any.whl (7.6 kB)
Using cached pystac_ext_table-1.2.1-py3-none-any.whl (4.7 kB)
Using cached pystac_ext_timestamps-1.1.1-py3-none-any.whl (4.6 kB)
Using cached pystac_ext_version-1.2.1-py3-none-any.whl (5.8 kB)
Using cached pystac_ext_view-1.0.1-py3-none-any.whl (4.8 kB)
Using cached pystac_ext_xarray_assets-1.0.1-py3-none-any.whl (3.9 kB)
Using cached jsonschema_specifications-2025.9.1-py3-none-any.whl (18 kB)
Using cached referencing-0.37.0-py3-none-any.whl (26 kB)
Using cached rpds_py-2026.6.3-cp312-cp312-win_amd64.whl (220 kB)
Installing collected packages: pytz, websockets, urllib3, tzdata, typing-extensions, threadpoolctl, six, rpds-py, pyyaml, python-dotenv, pyparsing, pillow, packaging, numpy, narwhals, kiwisolver, idna, httptools, h11, fonttools, cycler, cloudpickle, click, charset_normalizer, certifi, attrs, annotated-types, annotated-doc, uvicorn, typing-inspection, shapely, scipy, requests, referencing, python-dateutil, pyproj, pyogrio, pydantic-core, joblib, contourpy, anyio, affine, watchfiles, starlette, scikit-learn, rasterio, pystac-core, pydantic, pandas, matplotlib, jsonschema-specifications, pystac-ext-xarray-assets, pystac-ext-view, pystac-ext-version, pystac-ext-timestamps, pystac-ext-table, pystac-ext-storage, pystac-ext-scientific, pystac-ext-sat, pystac-ext-sar, pystac-ext-render, pystac-ext-raster, pystac-ext-projection, pystac-ext-pointcloud, pystac-ext-mgrs, pystac-ext-label, pystac-ext-item-assets, pystac-ext-grid, pystac-ext-file, pystac-ext-datacube, jsonschema, geopandas, fastapi, pystac-ext-eo, pystac-ext-classification, pystac-ext-mlm, pystac, pystac-client, planetary-computer
Successfully installed affine-3.0.1 annotated-doc-0.0.5 annotated-types-0.8.0 anyio-4.15.1 attrs-26.1.0 certifi-2026.7.22 charset_normalizer-3.5.1 click-8.5.0 cloudpickle-3.1.2 contourpy-1.3.3 cycler-0.12.1 fastapi-0.141.1 fonttools-4.64.0 geopandas-1.1.4 h11-0.16.0 httptools-0.8.0 idna-3.19 joblib-1.6.0 jsonschema-4.26.0 jsonschema-specifications-2025.9.1 kiwisolver-1.5.1 matplotlib-3.11.1 narwhals-2.26.0 numpy-2.5.3 packaging-26.3 pandas-2.3.3 pillow-12.3.0 planetary-computer-1.0.0 pydantic-2.13.5 pydantic-core-2.46.5 pyogrio-0.13.0 pyparsing-3.3.2 pyproj-3.8.0 pystac-1.15.2 pystac-client-0.9.0 pystac-core-1.15.2 pystac-ext-classification-2.0.1 pystac-ext-datacube-2.2.1 pystac-ext-eo-1.1.1 pystac-ext-file-2.1.1 pystac-ext-grid-1.1.1 pystac-ext-item-assets-1.0.1 pystac-ext-label-1.0.2 pystac-ext-mgrs-1.0.1 pystac-ext-mlm-1.4.1 pystac-ext-pointcloud-1.0.1 pystac-ext-projection-2.0.1 pystac-ext-raster-1.1.1 pystac-ext-render-2.0.0 pystac-ext-sar-1.0.1 pystac-ext-sat-1.0.1 pystac-ext-scientific-1.0.1 pystac-ext-storage-2.0.1 pystac-ext-table-1.2.1 pystac-ext-timestamps-1.1.1 pystac-ext-version-1.2.1 pystac-ext-view-1.0.1 pystac-ext-xarray-assets-1.0.1 python-dateutil-2.9.0.post0 python-dotenv-1.2.3 pytz-2026.3.post1 pyyaml-6.0.3 rasterio-1.5.1 referencing-0.37.0 requests-2.34.2 rpds-py-2026.6.3 scikit-learn-1.9.0 scipy-1.18.1 shapely-2.1.2 six-1.17.0 starlette-1.6.0 threadpoolctl-3.6.0 typing-extensions-4.16.0 typing-inspection-0.4.4 tzdata-2026.3 urllib3-2.7.0 uvicorn-0.52.4 watchfiles-1.2.0 websockets-17.1
